A Tinkerer's Assembler for the 6502/65c02/65816
Version BETA  23. February 2016
Copyright 2015, 2016 Scot W. Stevenson <scot.stevenson@gmail.com>
This program comes with ABSOLUTELY NO WARRANTY
Code listing for file mmm.tasm
Generated on Mon Feb 29 08:20:55 2016
Target MPU: 65816
Number of passes executed: 27
Number of steps executed: 7
Assembly time: 0.39900 seconds
Code origin: 00e000
Bytes of machine code: 382

LISTING:
       Line Address  Bytes       Instruction
    1    30 00:e000  4c af e0    jmp alter_memory
    2    31 00:e003  4c af e0    jmp backspace
    3    32 00:e006  4c 06 e0    jmp *
    4    33 00:e009  4c af e0    jmp control_tones
    5    34 00:e00c  4c af e0    jmp do_low_pwr_pgm
    6    35 00:e00f  4c af e0    jmp dumpregs
    7    36 00:e012  4c af e0    jmp dumps28
    8    37 00:e015  4c af e0    jmp dump_1_line_to_output
    9    38 00:e018  4c af e0    jmp dump_1_line_to_screen
   10    39 00:e01b  4c af e0    jmp dump_to_output
   11    40 00:e01e  4c af e0    jmp dump_to_printer
   12    41 00:e021  4c af e0    jmp dump_to_screen
   13    42 00:e024  4c af e0    jmp dump_to_screen_ascii
   14    43 00:e027  4c af e0    jmp dump_it
   15    44 00:e02a  4c af e0    jmp fill_memory
   16    45 00:e02d  4c af e0    jmp get_3byte_addr
   17    46 00:e030  4c af e0    jmp get_alarm_status
   18    47 00:e033  4c af e0    jmp get_byte_from_pc
   19    48 00:e036  4c b2 e0    jmp get_chr
   20    49 00:e039  4c ba e0    jmp get_hex
   21    50 00:e03c  4c ba e0    jmp get_put_chr
   22    51 00:e03f  4c bd e0    jmp get_str
   23    52 00:e042  4c e4 e0    jmp get_address
   24    53 00:e045  4c e4 e0    jmp get_e_address
   25    54 00:e048  4c e4 e0    jmp get_s_address
   26    55 00:e04b  4c e7 e0    jmp put_chr
   27    56 00:e04e  4c f0 e0    jmp put_str
   28    57 00:e051  4c 15 e1    jmp read_alarm
   29    58 00:e054  4c 15 e1    jmp read_date
   30    59 00:e057  4c 15 e1    jmp read_time
   31    60 00:e05a  4c 15 e1    jmp reset_alarm
   32    61 00:e05d  4c 15 e1    jmp sbreak
   33    62 00:e060  4c 15 e1    jmp select_common_baud_rate
   34    63 00:e063  4c 15 e1    jmp send_byte_to_pc
   35    64 00:e066  4c 18 e1    jmp send_cr
   36    65 00:e069  4c 25 e1    jmp send_space
   37    66 00:e06c  4c 25 e1    jmp send_hex_out
   38    67 00:e06f  4c 25 e1    jmp set_alarm
   39    68 00:e072  4c 25 e1    jmp set_breakpoint
   40    69 00:e075  4c 25 e1    jmp set_date
   41    70 00:e078  4c 25 e1    jmp set_time
   42    71 00:e07b  4c 25 e1    jmp version
   43    72 00:e07e  4c 25 e1    jmp wr_3_address
   44    73 00:e081  4c 25 e1    jmp xs28in
   45    74 00:e084  4c 25 e1    jmp reset
   46    79 00:e087  20 25 e1    jsr ascbin
   47    80 00:e08a  6b          rts.l
   48    82 00:e08b  20 25 e1    jsr bin2dec
   49    83 00:e08e  6b          rts.l
   50    85 00:e08f  20 25 e1    jsr binasc
   51    86 00:e092  6b          rts.l
   52    88 00:e093  20 25 e1    jsr hexin
   53    89 00:e096  6b          rts.l
   54    91 00:e097  20 25 e1    jsr ifasc
   55    92 00:e09a  6b          rts.l
   56    94 00:e09b  20 25 e1    jsr isdecimal
   57    95 00:e09e  6b          rts.l
   58    97 00:e09f  20 25 e1    jsr ishex
   59    98 00:e0a2  6b          rts.l
   60   100 00:e0a3  20 25 e1    jsr upper_case
   61   101 00:e0a6  6b          rts.l
   62   103 00:e0a7  00 00 (...) .skip 08
   63   125 00:e0af  4c 28 e1    jmp notcoded
   64   131 00:e0b2  18          clc
   65   131 00:e0b3  fb          xce
   66   132 00:e0b4  e2 20       sep 20
   67   133 00:e0b6  ad 75 df    lda 00df75
   68   134 00:e0b9  6b          rts.l
   69   138 00:e0ba  4c 28 e1    jmp notcoded
   70   143 00:e0bd  18          clc
   71   143 00:e0be  fb          xce
   72   144 00:e0bf  e2 20       sep 20
   73   145 00:e0c1  c2 10       rep 10
   74   146 00:e0c3  5a          phy
   75   147 00:e0c4  0b          phd
   76   148 00:e0c5  8b          phb
   77   149 00:e0c6  f4 00 00    phe.# 0000
   78   150 00:e0c9  2b          pld
   79   152 00:e0ca  85 68       sta.d tmp4 + 2
   80   153 00:e0cc  86 66       stx.d tmp4
   81   155 00:e0ce  a0 00 00    ldy.# 0000
   82   158 00:e0d1  22 b2 e0 00 jsr.l get_chr
   83   159 00:e0d5  97 66       sta.dily tmp4
   84   160 00:e0d7  c8          iny
   85   161 00:e0d8  c9 0d       cmp.# 0d
   86   162 00:e0da  d0 f5       bne get_str_loop
   87   164 00:e0dc  a9 00       lda.# 00
   88   165 00:e0de  97 66       sta.dily tmp4
   89   167 00:e0e0  ab          plb
   90   168 00:e0e1  2b          pld
   91   169 00:e0e2  7a          ply
   92   170 00:e0e3  6b          rts.l
   93   176 00:e0e4  4c 28 e1    jmp notcoded
   94   183 00:e0e7  18          clc
   95   183 00:e0e8  fb          xce
   96   184 00:e0e9  08          php
   97   185 00:e0ea  8f 77 df 00 sta.l putchr
   98   186 00:e0ee  28          plp
   99   187 00:e0ef  6b          rts.l
  100   197 00:e0f0  18          clc
  101   197 00:e0f1  fb          xce
  102   198 00:e0f2  e2 20       sep 20
  103   199 00:e0f4  c2 10       rep 10
  104   200 00:e0f6  5a          phy
  105   201 00:e0f7  0b          phd
  106   202 00:e0f8  8b          phb
  107   204 00:e0f9  f4 00 00    phe.# 0000
  108   205 00:e0fc  2b          pld
  109   207 00:e0fd  85 68       sta.d tmp4 + 2
  110   208 00:e0ff  86 66       stx.d tmp4
  111   210 00:e101  a0 00 00    ldy.# 0000
  112   213 00:e104  b7 66       lda.dily tmp4
  113   214 00:e106  f0 09       beq put_str_done
  114   219 00:e108  29 7f       and.# 7f
  115   220 00:e10a  22 e7 e0 00 jsr.l put_chr
  116   222 00:e10e  c8          iny
  117   223 00:e10f  80 f3       bra put_str_next
  118   226 00:e111  ab          plb
  119   227 00:e112  2b          pld
  120   228 00:e113  7a          ply
  121   229 00:e114  6b          rts.l
  122   238 00:e115  4c 28 e1    jmp notcoded
  123   245 00:e118  18          clc
  124   245 00:e119  fb          xce
  125   246 00:e11a  e2 20       sep 20
  126   247 00:e11c  48          pha
  127   248 00:e11d  a9 0d       lda.# 0d
  128   249 00:e11f  8f 77 df 00 sta.l putchr
  129   250 00:e123  68          pla
  130   251 00:e124  6b          rts.l
  131   272 00:e125  4c 28 e1    jmp notcoded
  132   279 00:e128  18          clc
  133   279 00:e129  fb          xce
  134   280 00:e12a  e2 20       sep 20
  135   281 00:e12c  c2 10       rep 10
  136   283 00:e12e  a9 00       lda.# .bank s_notcoded
  137   284 00:e130  a2 4d e1    ldx.# s_notcoded
  138   285 00:e133  22 f0 e0 00 jsr.l put_str
  139   286 00:e137  4c 4c e1    jmp alldone
  140   292 00:e13a  18          clc
  141   292 00:e13b  fb          xce
  142   293 00:e13c  e2 20       sep 20
  143   294 00:e13e  c2 10       rep 10
  144   296 00:e140  a9 00       lda.# .bank s_interrupt
  145   297 00:e142  a2 60 e1    ldx.# s_interrupt
  146   298 00:e145  22 f0 e0 00 jsr.l put_str
  147   299 00:e149  4c 4c e1    jmp alldone
  148   305 00:e14c  6b          rts.l
  149   308 00:e14d  52 6f (...) s_notcoded
  150   309 00:e160  49 6e (...) s_interrupt

MACROS:
            (none)

SYMBOL TABLE:
                 alldone : 00e14c
            alter_memory : 00e0af
                  ascbin : 00e125
               backspace : 00e0af
                 bin2dec : 00e125
                  binasc : 00e125
           control_tones : 00e0af
          do_low_pwr_pgm : 00e0af
   dump_1_line_to_output : 00e0af
   dump_1_line_to_screen : 00e0af
                 dump_it : 00e0af
          dump_to_output : 00e0af
         dump_to_printer : 00e0af
          dump_to_screen : 00e0af
    dump_to_screen_ascii : 00e0af
                dumpregs : 00e0af
                 dumps28 : 00e0af
             fill_memory : 00e0af
          get_3byte_addr : 00e0af
             get_address : 00e0e4
        get_alarm_status : 00e0af
        get_byte_from_pc : 00e0af
                 get_chr : 00e0b2
           get_e_address : 00e0e4
                 get_hex : 00e0ba
             get_put_chr : 00e0ba
           get_s_address : 00e0e4
                 get_str : 00e0bd
            get_str_loop : 00e0d1
                  getchr : 00df75
                   hexin : 00e125
           hit_interrupt : 00e13a
                   ifasc : 00e125
               isdecimal : 00e125
                   ishex : 00e125
                notcoded : 00e128
                 put_chr : 00e0e7
                 put_str : 00e0f0
            put_str_done : 00e111
            put_str_next : 00e104
                  putchr : 00df77
              read_alarm : 00e115
               read_date : 00e115
               read_time : 00e115
                   reset : 00e125
             reset_alarm : 00e115
             s_interrupt : 00e160
              s_notcoded : 00e14d
                  sbreak : 00e115
 select_common_baud_rate : 00e115
         send_byte_to_pc : 00e115
                 send_cr : 00e118
            send_hex_out : 00e125
              send_space : 00e125
               set_alarm : 00e125
          set_breakpoint : 00e125
                set_date : 00e125
                set_time : 00e125
                    tmp4 : 000066
              upper_case : 00e125
                 version : 00e125
            wr_3_address : 00e125
                  xs28in : 00e125

