A Tinkerer's Assembler for the 6502/65c02/65816
Version BETA  23. February 2016
Copyright 2015, 2016 Scot W. Stevenson <scot.stevenson@gmail.com>
This program comes with ABSOLUTELY NO WARRANTY
Code listing for file mmm.tasm
Generated on Fri Apr  1 04:23:02 2016
Target MPU: 65816
Number of passes executed: 27
Number of steps executed: 7
Assembly time: 0.34236 seconds
Code origin: 00e000
Bytes of machine code: 356

LISTING:
       Line Address  Bytes       Instruction
    1    30 00:e000  4c af e0    jmp alter_memory
    2    31 00:e003  4c af e0    jmp backspace
    3    32 00:e006  4c 06 e0    jmp *
    4    33 00:e009  4c af e0    jmp control_tones
    5    34 00:e00c  4c af e0    jmp do_low_pwr_pgm
    6    35 00:e00f  4c af e0    jmp dumpregs
    7    36 00:e012  4c af e0    jmp dumps28
    8    37 00:e015  4c af e0    jmp dump_1_line_to_output
    9    38 00:e018  4c af e0    jmp dump_1_line_to_screen
   10    39 00:e01b  4c af e0    jmp dump_to_output
   11    40 00:e01e  4c af e0    jmp dump_to_printer
   12    41 00:e021  4c af e0    jmp dump_to_screen
   13    42 00:e024  4c af e0    jmp dump_to_screen_ascii
   14    43 00:e027  4c af e0    jmp dump_it
   15    44 00:e02a  4c af e0    jmp fill_memory
   16    45 00:e02d  4c af e0    jmp get_3byte_addr
   17    46 00:e030  4c af e0    jmp get_alarm_status
   18    47 00:e033  4c af e0    jmp get_byte_from_pc
   19    48 00:e036  4c b2 e0    jmp get_chr
   20    49 00:e039  4c b8 e0    jmp get_hex
   21    50 00:e03c  4c b8 e0    jmp get_put_chr
   22    51 00:e03f  4c bb e0    jmp get_str
   23    52 00:e042  4c dc e0    jmp get_address
   24    53 00:e045  4c dc e0    jmp get_e_address
   25    54 00:e048  4c dc e0    jmp get_s_address
   26    55 00:e04b  4c df e0    jmp put_chr
   27    56 00:e04e  4c e4 e0    jmp put_str
   28    57 00:e051  4c 03 e1    jmp read_alarm
   29    58 00:e054  4c 03 e1    jmp read_date
   30    59 00:e057  4c 03 e1    jmp read_time
   31    60 00:e05a  4c 03 e1    jmp reset_alarm
   32    61 00:e05d  4c 03 e1    jmp sbreak
   33    62 00:e060  4c 03 e1    jmp select_common_baud_rate
   34    63 00:e063  4c 03 e1    jmp send_byte_to_pc
   35    64 00:e066  4c 06 e1    jmp send_cr
   36    65 00:e069  4c 0f e1    jmp send_space
   37    66 00:e06c  4c 0f e1    jmp send_hex_out
   38    67 00:e06f  4c 0f e1    jmp set_alarm
   39    68 00:e072  4c 0f e1    jmp set_breakpoint
   40    69 00:e075  4c 0f e1    jmp set_date
   41    70 00:e078  4c 0f e1    jmp set_time
   42    71 00:e07b  4c 0f e1    jmp version
   43    72 00:e07e  4c 0f e1    jmp wr_3_address
   44    73 00:e081  4c 0f e1    jmp xs28in
   45    74 00:e084  4c 0f e1    jmp reset
   46    79 00:e087  20 0f e1    jsr ascbin
   47    80 00:e08a  6b          rts.l
   48    82 00:e08b  20 0f e1    jsr bin2dec
   49    83 00:e08e  6b          rts.l
   50    85 00:e08f  20 0f e1    jsr binasc
   51    86 00:e092  6b          rts.l
   52    88 00:e093  20 0f e1    jsr hexin
   53    89 00:e096  6b          rts.l
   54    91 00:e097  20 0f e1    jsr ifasc
   55    92 00:e09a  6b          rts.l
   56    94 00:e09b  20 0f e1    jsr isdecimal
   57    95 00:e09e  6b          rts.l
   58    97 00:e09f  20 0f e1    jsr ishex
   59    98 00:e0a2  6b          rts.l
   60   100 00:e0a3  20 0f e1    jsr upper_case
   61   101 00:e0a6  6b          rts.l
   62   103 00:e0a7  00 00 (...) .skip 08
   63   125 00:e0af  4c 12 e1    jmp notcoded
   64   132 00:e0b2  e2 20       sep 20
   65   133 00:e0b4  ad 75 df    lda 00df75
   66   134 00:e0b7  6b          rts.l
   67   138 00:e0b8  4c 12 e1    jmp notcoded
   68   146 00:e0bb  5a          phy
   69   147 00:e0bc  0b          phd
   70   148 00:e0bd  8b          phb
   71   149 00:e0be  f4 00 00    phe.# 0000
   72   150 00:e0c1  2b          pld
   73   152 00:e0c2  85 68       sta.d tmp4 + 2
   74   153 00:e0c4  86 66       stx.d tmp4
   75   155 00:e0c6  a0 00 00    ldy.# 0000
   76   158 00:e0c9  22 b2 e0 00 jsr.l get_chr
   77   159 00:e0cd  97 66       sta.dily tmp4
   78   160 00:e0cf  c8          iny
   79   161 00:e0d0  c9 0d       cmp.# 0d
   80   162 00:e0d2  d0 f5       bne get_str_loop
   81   164 00:e0d4  a9 00       lda.# 00
   82   165 00:e0d6  97 66       sta.dily tmp4
   83   167 00:e0d8  ab          plb
   84   168 00:e0d9  2b          pld
   85   169 00:e0da  7a          ply
   86   170 00:e0db  6b          rts.l
   87   176 00:e0dc  4c 12 e1    jmp notcoded
   88   185 00:e0df  8f 77 df 00 sta.l putchr
   89   186 00:e0e3  6b          rts.l
   90   199 00:e0e4  5a          phy
   91   200 00:e0e5  0b          phd
   92   201 00:e0e6  8b          phb
   93   203 00:e0e7  f4 00 00    phe.# 0000
   94   204 00:e0ea  2b          pld
   95   206 00:e0eb  85 68       sta.d tmp4 + 2
   96   207 00:e0ed  86 66       stx.d tmp4
   97   209 00:e0ef  a0 00 00    ldy.# 0000
   98   212 00:e0f2  b7 66       lda.dily tmp4
   99   213 00:e0f4  f0 09       beq put_str_done
  100   218 00:e0f6  29 7f       and.# 7f
  101   219 00:e0f8  22 df e0 00 jsr.l put_chr
  102   221 00:e0fc  c8          iny
  103   222 00:e0fd  80 f3       bra put_str_next
  104   225 00:e0ff  ab          plb
  105   226 00:e100  2b          pld
  106   227 00:e101  7a          ply
  107   228 00:e102  6b          rts.l
  108   237 00:e103  4c 12 e1    jmp notcoded
  109   249 00:e106  48          pha
  110   250 00:e107  a9 0a       lda.# 0a
  111   251 00:e109  8f 77 df 00 sta.l putchr
  112   252 00:e10d  68          pla
  113   253 00:e10e  6b          rts.l
  114   274 00:e10f  4c 12 e1    jmp notcoded
  115   282 00:e112  e2 20       sep 20
  116   283 00:e114  c2 10       rep 10
  117   285 00:e116  a9 00       lda.# .bank s_notcoded
  118   286 00:e118  a2 33 e1    ldx.# s_notcoded
  119   287 00:e11b  22 e4 e0 00 jsr.l put_str
  120   288 00:e11f  4c 32 e1    jmp alldone
  121   295 00:e122  e2 20       sep 20
  122   296 00:e124  c2 10       rep 10
  123   298 00:e126  a9 00       lda.# .bank s_interrupt
  124   299 00:e128  a2 46 e1    ldx.# s_interrupt
  125   300 00:e12b  22 e4 e0 00 jsr.l put_str
  126   301 00:e12f  4c 32 e1    jmp alldone
  127   307 00:e132  6b          rts.l
  128   310 00:e133  52 6f (...) s_notcoded
  129   311 00:e146  49 6e (...) s_interrupt

MACROS:
            (none)

SYMBOL TABLE:
                 alldone : 00e132
            alter_memory : 00e0af
                  ascbin : 00e10f
               backspace : 00e0af
                 bin2dec : 00e10f
                  binasc : 00e10f
           control_tones : 00e0af
          do_low_pwr_pgm : 00e0af
   dump_1_line_to_output : 00e0af
   dump_1_line_to_screen : 00e0af
                 dump_it : 00e0af
          dump_to_output : 00e0af
         dump_to_printer : 00e0af
          dump_to_screen : 00e0af
    dump_to_screen_ascii : 00e0af
                dumpregs : 00e0af
                 dumps28 : 00e0af
             fill_memory : 00e0af
          get_3byte_addr : 00e0af
             get_address : 00e0dc
        get_alarm_status : 00e0af
        get_byte_from_pc : 00e0af
                 get_chr : 00e0b2
           get_e_address : 00e0dc
                 get_hex : 00e0b8
             get_put_chr : 00e0b8
           get_s_address : 00e0dc
                 get_str : 00e0bb
            get_str_loop : 00e0c9
                  getchr : 00df75
                   hexin : 00e10f
           hit_interrupt : 00e122
                   ifasc : 00e10f
               isdecimal : 00e10f
                   ishex : 00e10f
                notcoded : 00e112
                 put_chr : 00e0df
                 put_str : 00e0e4
            put_str_done : 00e0ff
            put_str_next : 00e0f2
                  putchr : 00df77
              read_alarm : 00e103
               read_date : 00e103
               read_time : 00e103
                   reset : 00e10f
             reset_alarm : 00e103
             s_interrupt : 00e146
              s_notcoded : 00e133
                  sbreak : 00e103
 select_common_baud_rate : 00e103
         send_byte_to_pc : 00e103
                 send_cr : 00e106
            send_hex_out : 00e10f
              send_space : 00e10f
               set_alarm : 00e10f
          set_breakpoint : 00e10f
                set_date : 00e10f
                set_time : 00e10f
                    tmp4 : 000066
              upper_case : 00e10f
                 version : 00e10f
            wr_3_address : 00e10f
                  xs28in : 00e10f

