A Tinkerer's Assembler for the 6502/65c02/65816
Version BETA  23. February 2016
Copyright 2015, 2016 Scot W. Stevenson <scot.stevenson@gmail.com>
This program comes with ABSOLUTELY NO WARRANTY
Code listing for file mmm.tasm
Generated on Fri Feb 26 19:34:08 2016
Target MPU: 65816
Number of passes executed: 27
Number of steps executed: 7
Assembly time: 0.27981 seconds
Code origin: 00e000
Bytes of machine code: 325

LISTING:
       Line Address  Bytes       Instruction
    1    30 00:e000  4c af e0    jmp alter_memory
    2    31 00:e003  4c af e0    jmp backspace
    3    32 00:e006  4c 06 e0    jmp *
    4    33 00:e009  4c af e0    jmp control_tones
    5    34 00:e00c  4c af e0    jmp do_low_pwr_pgm
    6    35 00:e00f  4c af e0    jmp dumpregs
    7    36 00:e012  4c af e0    jmp dumps28
    8    37 00:e015  4c af e0    jmp dump_1_line_to_output
    9    38 00:e018  4c af e0    jmp dump_1_line_to_screen
   10    39 00:e01b  4c af e0    jmp dump_to_output
   11    40 00:e01e  4c af e0    jmp dump_to_printer
   12    41 00:e021  4c af e0    jmp dump_to_screen
   13    42 00:e024  4c af e0    jmp dump_to_screen_ascii
   14    43 00:e027  4c af e0    jmp dump_it
   15    44 00:e02a  4c af e0    jmp fill_memory
   16    45 00:e02d  4c af e0    jmp get_3byte_addr
   17    46 00:e030  4c af e0    jmp get_alarm_status
   18    47 00:e033  4c af e0    jmp get_byte_from_pc
   19    48 00:e036  4c b2 e0    jmp get_chr
   20    49 00:e039  4c b2 e0    jmp get_hex
   21    50 00:e03c  4c b5 e0    jmp get_put_chr
   22    51 00:e03f  4c b5 e0    jmp get_str
   23    52 00:e042  4c b5 e0    jmp get_address
   24    53 00:e045  4c b5 e0    jmp get_e_address
   25    54 00:e048  4c b5 e0    jmp get_s_address
   26    55 00:e04b  4c b8 e0    jmp put_chr
   27    56 00:e04e  4c c1 e0    jmp put_str
   28    57 00:e051  4c df e0    jmp read_alarm
   29    58 00:e054  4c df e0    jmp read_date
   30    59 00:e057  4c df e0    jmp read_time
   31    60 00:e05a  4c df e0    jmp reset_alarm
   32    61 00:e05d  4c df e0    jmp sbreak
   33    62 00:e060  4c df e0    jmp select_common_baud_rate
   34    63 00:e063  4c df e0    jmp send_byte_to_pc
   35    64 00:e066  4c e2 e0    jmp send_cr
   36    65 00:e069  4c eb e0    jmp send_space
   37    66 00:e06c  4c eb e0    jmp send_hex_out
   38    67 00:e06f  4c eb e0    jmp set_alarm
   39    68 00:e072  4c eb e0    jmp set_breakpoint
   40    69 00:e075  4c eb e0    jmp set_date
   41    70 00:e078  4c eb e0    jmp set_time
   42    71 00:e07b  4c eb e0    jmp version
   43    72 00:e07e  4c eb e0    jmp wr_3_address
   44    73 00:e081  4c eb e0    jmp xs28in
   45    74 00:e084  4c eb e0    jmp reset
   46    79 00:e087  20 eb e0    jsr ascbin
   47    80 00:e08a  6b          rts.l
   48    82 00:e08b  20 eb e0    jsr bin2dec
   49    83 00:e08e  6b          rts.l
   50    85 00:e08f  20 eb e0    jsr binasc
   51    86 00:e092  6b          rts.l
   52    88 00:e093  20 eb e0    jsr hexin
   53    89 00:e096  6b          rts.l
   54    91 00:e097  20 eb e0    jsr ifasc
   55    92 00:e09a  6b          rts.l
   56    94 00:e09b  20 eb e0    jsr isdecimal
   57    95 00:e09e  6b          rts.l
   58    97 00:e09f  20 eb e0    jsr ishex
   59    98 00:e0a2  6b          rts.l
   60   100 00:e0a3  20 eb e0    jsr upper_case
   61   101 00:e0a6  6b          rts.l
   62   103 00:e0a7  00 00 (...) .skip 08
   63   125 00:e0af  4c ee e0    jmp notcoded
   64   131 00:e0b2  4c ee e0    jmp notcoded
   65   142 00:e0b5  4c ee e0    jmp notcoded
   66   149 00:e0b8  08          php
   67   150 00:e0b9  e2 20       sep 20
   68   151 00:e0bb  8f 77 df 00 sta.l putchr
   69   152 00:e0bf  28          plp
   70   153 00:e0c0  6b          rts.l
   71   163 00:e0c1  5a          phy
   72   164 00:e0c2  0b          phd
   73   165 00:e0c3  8b          phb
   74   167 00:e0c4  f4 00 00    phe.# 0000
   75   168 00:e0c7  2b          pld
   76   170 00:e0c8  85 68       sta.d tmp4 + 2
   77   171 00:e0ca  86 66       stx.d tmp4
   78   173 00:e0cc  a0 00 00    ldy.# 0000
   79   176 00:e0cf  b7 66       lda.dily tmp4
   80   177 00:e0d1  f0 09       beq put_str_done
   81   182 00:e0d3  29 7f       and.# 7f
   82   183 00:e0d5  22 b8 e0 00 jsr.l put_chr
   83   185 00:e0d9  c8          iny
   84   186 00:e0da  80 f3       bra put_str_next
   85   189 00:e0dc  ab          plb
   86   190 00:e0dd  2b          pld
   87   191 00:e0de  7a          ply
   88   192 00:e0df  6b          rts.l
   89   201 00:e0e0  4c ee e0    jmp notcoded
   90   208 00:e0e3  48          pha
   91   209 00:e0e4  a9 0d       lda.# 0d
   92   210 00:e0e6  8f 77 df 00 sta.l putchr
   93   211 00:e0ea  68          pla
   94   212 00:e0eb  6b          rts.l
   95   233 00:e0ec  4c ee e0    jmp notcoded
   96   240 00:e0ef  18          clc
   97   240 00:e0f0  fb          xce
   98   241 00:e0f1  e2 20       sep 20
   99   242 00:e0f3  c2 10       rep 10
  100   244 00:e0f5  a9 00       lda.# .bank s_notcoded
  101   245 00:e0f7  a2 13 e1    ldx.# s_notcoded
  102   246 00:e0fa  22 c1 e0 00 jsr.l put_str
  103   247 00:e0fe  4c 12 e1    jmp alldone
  104   253 00:e101  18          clc
  105   253 00:e102  fb          xce
  106   254 00:e103  e2 20       sep 20
  107   255 00:e105  c2 10       rep 10
  108   257 00:e107  a9 00       lda.# .bank s_interrupt
  109   258 00:e109  a2 26 e1    ldx.# s_interrupt
  110   259 00:e10c  22 c1 e0 00 jsr.l put_str
  111   260 00:e110  4c 12 e1    jmp alldone
  112   266 00:e113  6b          rts.l
  113   269 00:e114  52 6f (...) s_notcoded
  114   270 00:e127  49 6e (...) s_interrupt

MACROS:
            (none)

SYMBOL TABLE:
                 alldone : 00e112
            alter_memory : 00e0af
                  ascbin : 00e0eb
               backspace : 00e0af
                 bin2dec : 00e0eb
                  binasc : 00e0eb
           control_tones : 00e0af
          do_low_pwr_pgm : 00e0af
   dump_1_line_to_output : 00e0af
   dump_1_line_to_screen : 00e0af
                 dump_it : 00e0af
          dump_to_output : 00e0af
         dump_to_printer : 00e0af
          dump_to_screen : 00e0af
    dump_to_screen_ascii : 00e0af
                dumpregs : 00e0af
                 dumps28 : 00e0af
             fill_memory : 00e0af
          get_3byte_addr : 00e0af
             get_address : 00e0b5
        get_alarm_status : 00e0af
        get_byte_from_pc : 00e0af
                 get_chr : 00e0b2
           get_e_address : 00e0b5
                 get_hex : 00e0b2
             get_put_chr : 00e0b5
           get_s_address : 00e0b5
                 get_str : 00e0b5
                  getchr : 00df75
                   hexin : 00e0eb
           hit_interrupt : 00e100
                   ifasc : 00e0eb
               isdecimal : 00e0eb
                   ishex : 00e0eb
                notcoded : 00e0ee
                 put_chr : 00e0b8
                 put_str : 00e0c1
            put_str_done : 00e0db
            put_str_next : 00e0ce
                  putchr : 00df77
              read_alarm : 00e0df
               read_date : 00e0df
               read_time : 00e0df
                   reset : 00e0eb
             reset_alarm : 00e0df
             s_interrupt : 00e126
              s_notcoded : 00e113
                  sbreak : 00e0df
 select_common_baud_rate : 00e0df
         send_byte_to_pc : 00e0df
                 send_cr : 00e0e2
            send_hex_out : 00e0eb
              send_space : 00e0eb
               set_alarm : 00e0eb
          set_breakpoint : 00e0eb
                set_date : 00e0eb
                set_time : 00e0eb
                    tmp4 : 000066
              upper_case : 00e0eb
                 version : 00e0eb
            wr_3_address : 00e0eb
                  xs28in : 00e0eb

